******************************************************************************
                  TI ARM Linker PC v20.2.0                     
******************************************************************************
>> Linked Fri May 15 22:07:02 2020

OUTPUT FILE NAME:   <Exp.out>
ENTRY POINT SYMBOL: "_c_int00_noinit_noargs"  address: 0000064d


MEMORY CONFIGURATION

         name            origin    length      used     unused   attr    fill
----------------------  --------  ---------  --------  --------  ----  --------
  FLASH                 00000000   00040000  000006f2  0003f90e  R  X
  SRAM                  20000000   00008000  00000200  00007e00  RW X


SEGMENT ALLOCATION MAP

run origin  load origin   length   init length attrs members
----------  ----------- ---------- ----------- ----- -------
00000000    00000000    000006f2   000006f2    r-x
  00000000    00000000    0000026c   0000026c    r-- .intvecs
  0000026c    0000026c    00000486   00000486    r-x .text
20000000    20000000    00000200   00000000    rw-
  20000000    20000000    00000200   00000000    rw- .stack


SECTION ALLOCATION MAP

 output                                  attributes/
section   page    origin      length       input sections
--------  ----  ----------  ----------   ----------------
.intvecs   0    00000000    0000026c     
                  00000000    0000026c     tm4c123gh6pm_startup_ccs.obj (.intvecs)

.text      0    0000026c    00000486     
                  0000026c    00000184     main.obj (.text)
                  000003f0    00000132     driverlib.lib : gpio.obj (.text:GPIOPadConfigSet)
                  00000522    00000002     --HOLE-- [fill = 0]
                  00000524    000000f4                   : sysctl.obj (.text:SysCtlClockSet)
                  00000618    00000034                   : sysctl.obj (.text:SysCtlPeripheralEnable)
                  0000064c    0000002c     rtsv7M4_T_le_v4SPD16_eabi.lib : boot_cortex_m.c.obj (.text:_c_int00_noinit_noargs:_c_int00_noinit_noargs)
                  00000678    0000002a     driverlib.lib : gpio.obj (.text:GPIODirModeSet)
                  000006a2    00000018                   : gpio.obj (.text:GPIOPinTypeGPIOOutput)
                  000006ba    00000012                   : gpio.obj (.text:GPIOPinTypeGPIOInput)
                  000006cc    0000000c     tm4c123gh6pm_startup_ccs.obj (.text)
                  000006d8    00000006     driverlib.lib : gpio.obj (.text:GPIOPinRead)
                  000006de    00000006                   : gpio.obj (.text:GPIOPinWrite)
                  000006e4    00000006                   : sysctl.obj (.text:SysCtlDelay)
                  000006ea    00000004     rtsv7M4_T_le_v4SPD16_eabi.lib : pre_init.c.obj (.text:_system_pre_init)
                  000006ee    00000004                                   : exit.c.obj (.text:abort:abort)

.cinit     0    00000000    00000000     UNINITIALIZED

.init_array 
*          0    00000000    00000000     UNINITIALIZED

.stack     0    20000000    00000200     UNINITIALIZED
                  20000000    00000004     rtsv7M4_T_le_v4SPD16_eabi.lib : boot_cortex_m.c.obj (.stack)
                  20000004    000001fc     --HOLE--

__llvm_prf_cnts 
*          0    20000000    00000000     UNINITIALIZED

MODULE SUMMARY

       Module                         code   ro data   rw data
       ------                         ----   -------   -------
    .\
       tm4c123gh6pm_startup_ccs.obj   12     620       0      
       main.obj                       388    0         0      
    +--+------------------------------+------+---------+---------+
       Total:                         400    620       0      
                                                              
    C:/ti/TivaWare_C_Series-2.1.4.178/driverlib/ccs/Debug/driverlib.lib
       gpio.obj                       402    0         0      
       sysctl.obj                     302    0         0      
    +--+------------------------------+------+---------+---------+
       Total:                         704    0         0      
                                                              
    C:\ti\ccs1000\ccs\tools\compiler\ti-cgt-arm_20.2.0.LTS\lib\rtsv7M4_T_le_v4SPD16_eabi.lib
       boot_cortex_m.c.obj            44     0         0      
       exit.c.obj                     4      0         0      
       pre_init.c.obj                 4      0         0      
    +--+------------------------------+------+---------+---------+
       Total:                         52     0         0      
                                                              
       Stack:                         0      0         512    
    +--+------------------------------+------+---------+---------+
       Grand Total:                   1156   620       512    


GLOBAL SYMBOLS: SORTED ALPHABETICALLY BY Name 

address   name                   
-------   ----                   
000006ef  C$$EXIT                
00000679  GPIODirModeSet         
000003f1  GPIOPadConfigSet       
000006d9  GPIOPinRead            
000006bb  GPIOPinTypeGPIOInput   
000006a3  GPIOPinTypeGPIOOutput  
000006df  GPIOPinWrite           
000006cd  ResetISR               
00000525  SysCtlClockSet         
000006e5  SysCtlDelay            
00000619  SysCtlPeripheralEnable 
20000200  __STACK_END            
00000200  __STACK_SIZE           
20000200  __STACK_TOP            
ffffffff  __TI_pprof_out_hndl    
ffffffff  __TI_prof_data_size    
ffffffff  __TI_prof_data_start   
00000000  __TI_static_base__     
ffffffff  __binit__              
ffffffff  __c_args__             
UNDEFED   __mpu_init             
20000000  __stack                
20000000  __start___llvm_prf_cnts
20000000  __stop___llvm_prf_cnts 
0000064d  _c_int00_noinit_noargs 
000006eb  _system_pre_init       
000006ef  abort                  
ffffffff  binit                  
00000000  g_pfnVectors           
0000026d  main                   


GLOBAL SYMBOLS: SORTED BY Symbol Address 

address   name                   
-------   ----                   
00000000  __TI_static_base__     
00000000  g_pfnVectors           
00000200  __STACK_SIZE           
0000026d  main                   
000003f1  GPIOPadConfigSet       
00000525  SysCtlClockSet         
00000619  SysCtlPeripheralEnable 
0000064d  _c_int00_noinit_noargs 
00000679  GPIODirModeSet         
000006a3  GPIOPinTypeGPIOOutput  
000006bb  GPIOPinTypeGPIOInput   
000006cd  ResetISR               
000006d9  GPIOPinRead            
000006df  GPIOPinWrite           
000006e5  SysCtlDelay            
000006eb  _system_pre_init       
000006ef  C$$EXIT                
000006ef  abort                  
20000000  __stack                
20000000  __start___llvm_prf_cnts
20000000  __stop___llvm_prf_cnts 
20000200  __STACK_END            
20000200  __STACK_TOP            
ffffffff  __TI_pprof_out_hndl    
ffffffff  __TI_prof_data_size    
ffffffff  __TI_prof_data_start   
ffffffff  __binit__              
ffffffff  __c_args__             
ffffffff  binit                  
UNDEFED   __mpu_init             

[30 symbols]
